exports[`<PostFeedItem /> should render with default props 1`] = `
<Anchor
  className="post-feed-item--anchor"
  href="/post/watch-our-discover-video"
  method="push"
  tag="a">
  <Section
    colorIndex="grey-1-a"
    full={true}
    pad="large"
    texture="/uploads/media/2017/1/labs-blogfeed-1484268872525.gif">
    <Box
      align="center"
      announce={false}
      direction="column"
      focusable={true}
      full={true}
      justify="start"
      pad={
        Object {
          "vertical": "large",
        }
      }
      responsive={true}
      tag="div">
      <Heading
        align="center"
        strong={true}
        tag="h1">
        Watch our Discover Video
      </Heading>
      <Heading
        align="center"
        tag="h3">
        Posted on January 16, 2017
      </Heading>
    </Box>
  </Section>
</Anchor>
`;
